/// Generated - Do Not Edit
using System;
using System.Collections.Generic;
using System.Text.Json.Serialization;
using System.Threading.Tasks;
using EventHorizon.Blazor.Interop;
using EventHorizon.Blazor.Interop.Callbacks;
using EventHorizon.Blazor.Interop.ResultCallbacks;
using Microsoft.JSInterop;

public interface ExampleInterface<T> : ICachedEntity { }

[JsonConverter(typeof(CachedEntityConverter<ExampleInterfaceCachedEntity<CachedEntity>>))]
public class ExampleInterfaceCachedEntity<T> : CachedEntityObject, ExampleInterface<T>
{
    #region Static Accessors

    #endregion

    #region Static Properties

    #endregion

    #region Static Methods

    #endregion

    #region Accessors

    #endregion

    #region Properties

    #endregion
    
    #region Constructor
        public ExampleInterfaceCachedEntity() : base() { }

        public ExampleInterfaceCachedEntity(
            ICachedEntity entity
        ) : base(entity)
        {
        }


    #endregion

    #region Methods
        public void action(T action)
        {
            EventHorizonBlazorInterop.Func<CachedEntity>(
                new object[]
                {
                    new string[] { this.___guid, "action" }, action
                }
            );
        }
    #endregion
}
