/// Generated - Do Not Edit
namespace Static.Class
{
    using System;
    using System.Collections.Generic;
    using System.Text.Json.Serialization;
    using System.Threading.Tasks;
    using EventHorizon.Blazor.Interop;
    using EventHorizon.Blazor.Interop.Callbacks;
    using EventHorizon.Blazor.Interop.ResultCallbacks;
    using Microsoft.JSInterop;

    
    
    [JsonConverter(typeof(CachedEntityConverter<ExampleClass<CachedEntity>>))]
    public class ExampleClass<T> : CachedEntityObject
    {
        #region Static Accessors

        #endregion

        #region Static Properties

        #endregion

        #region Static Methods
        public static void makeObserverTopPriority(Observer<T> observer)
        {
            EventHorizonBlazorInterop.Func<CachedEntity>(
                new object[]
                {
                    new string[] { "Static", "Class", "ExampleClass", "makeObserverTopPriority" }, observer
                }
            );
        }

        public static void VoidMethodNoIdentifier()
        {
            EventHorizonBlazorInterop.Func<CachedEntity>(
                new object[]
                {
                    new string[] { "Static", "Class", "ExampleClass", "VoidMethodNoIdentifier" }
                }
            );
        }
        #endregion

        #region Accessors

        #endregion

        #region Properties

        #endregion
        
        #region Constructor
        public ExampleClass() : base() { }

        public ExampleClass(
            ICachedEntity entity
        ) : base(entity)
        {
            ___guid = entity.___guid;
        }


        #endregion

        #region Methods

        #endregion
    }
}