/// Generated - Do Not Edit
namespace Examples
{
    using System;
    using System.Collections.Generic;
    using System.Text.Json.Serialization;
    using System.Threading.Tasks;
    using EventHorizon.Blazor.Interop;
    using EventHorizon.Blazor.Interop.Callbacks;
    using EventHorizon.Blazor.Interop.ResultCallbacks;
    using Microsoft.JSInterop;

    
    
    [JsonConverter(typeof(CachedEntityConverter<ExampleClass<CachedEntity>>))]
    public class ExampleClass<T> : CachedEntityObject
    {
        #region Static Accessors

        #endregion

        #region Static Properties

        #endregion

        #region Static Methods

        #endregion

        #region Accessors

        #endregion

        #region Properties

        #endregion
        
        #region Constructor
        public ExampleClass() : base() { }

        public ExampleClass(
            ICachedEntity entity
        ) : base(entity)
        {
            ___guid = entity.___guid;
        }


        #endregion

        #region Methods
        public void classActionResult(ActionResultCallback<PredicateClass> predicate)
        {
            EventHorizonBlazorInterop.Func<CachedEntity>(
                new object[]
                {
                    new string[] { this.___guid, "classActionResult" }, predicate
                }
            );
        }

        public void arrayClassActionResult(ActionResultCallback<PredicateClass[]> predicate)
        {
            EventHorizonBlazorInterop.Func<CachedEntity>(
                new object[]
                {
                    new string[] { this.___guid, "arrayClassActionResult" }, predicate
                }
            );
        }

        public void primitiveActionResult(ActionResultCallback<string> predicate)
        {
            EventHorizonBlazorInterop.Func<CachedEntity>(
                new object[]
                {
                    new string[] { this.___guid, "primitiveActionResult" }, predicate
                }
            );
        }

        public void arrayActionResult(ActionResultCallback<string[]> predicate)
        {
            EventHorizonBlazorInterop.Func<CachedEntity>(
                new object[]
                {
                    new string[] { this.___guid, "arrayActionResult" }, predicate
                }
            );
        }
        #endregion
    }
}