/// Generated - Do Not Edit
namespace Examples
{
    using System;
    using System.Collections.Generic;
    using System.Text.Json.Serialization;
    using System.Threading.Tasks;
    using EventHorizon.Blazor.Interop;
    using EventHorizon.Blazor.Interop.Callbacks;
    using EventHorizon.Blazor.Interop.ResultCallbacks;
    using Microsoft.JSInterop;

    public interface ExampleClass<V, I> : ICachedEntity { }
    
    [JsonConverter(typeof(CachedEntityConverter<ExampleClassCachedEntity<CachedEntity, CachedEntity>>))]
    public class ExampleClassCachedEntity<V, I> : CachedEntityObject, ExampleClass<V, I>
    {
        #region Static Accessors

        #endregion

        #region Static Properties

        #endregion

        #region Static Methods

        #endregion

        #region Accessors

        #endregion

        #region Properties

        #endregion
        
        #region Constructor
        public ExampleClassCachedEntity() : base() { }

        public ExampleClassCachedEntity(
            ICachedEntity entity
        ) : base(entity)
        {
        }


        #endregion

        #region Methods

        #endregion
    }
}