/// Generated - Do Not Edit
namespace Examples
{
    using System;
    using System.Collections.Generic;
    using System.Text.Json.Serialization;
    using System.Threading.Tasks;
    using EventHorizon.Blazor.Interop;
    using EventHorizon.Blazor.Interop.Callbacks;
    using EventHorizon.Blazor.Interop.ResultCallbacks;
    using Microsoft.JSInterop;

    
    
    [JsonConverter(typeof(CachedEntityConverter<ExampleClass>))]
    public class ExampleClass : CachedEntityObject
    {
        #region Static Accessors

        #endregion

        #region Static Properties

        #endregion

        #region Static Methods

        #endregion

        #region Accessors

        #endregion

        #region Properties
        private Observable<decimal[]> __datasetObservable;
        public Observable<decimal[]> datasetObservable
        {
            get
            {
            if(__datasetObservable == null)
            {
                __datasetObservable = EventHorizonBlazorInterop.GetClass<Observable<decimal[]>>(
                    this.___guid,
                    "datasetObservable",
                    (entity) =>
                    {
                        return new Observable<decimal[]>() { ___guid = entity.___guid };
                    }
                );
            }
            return __datasetObservable;
            }
        }

        
        public IInspectable[] inspectableCustomProperties
        {
            get
            {
            return EventHorizonBlazorInterop.GetArrayClass<IInspectable>(
                    this.___guid,
                    "inspectableCustomProperties",
                    (entity) =>
                    {
                        return new IInspectable() { ___guid = entity.___guid };
                    }
                );
            }
            set
            {

                EventHorizonBlazorInterop.Set(
                    this.___guid,
                    "inspectableCustomProperties",
                    value
                );
            }
        }
        #endregion
        
        #region Constructor
        public ExampleClass() : base() { }

        public ExampleClass(
            ICachedEntity entity
        ) : base(entity)
        {
            ___guid = entity.___guid;
        }


        #endregion

        #region Methods

        #endregion
    }
}