/// Generated - Do Not Edit
namespace Examples
{
    using System;
    using System.Collections.Generic;
    using System.Text.Json.Serialization;
    using System.Threading.Tasks;
    using EventHorizon.Blazor.Interop;
    using EventHorizon.Blazor.Interop.Callbacks;
    using EventHorizon.Blazor.Interop.ResultCallbacks;
    using Microsoft.JSInterop;

    
    
    [JsonConverter(typeof(CachedEntityConverter<ExampleClass>))]
    public class ExampleClass : SecondLayerBaseClass
    {
        #region Static Accessors

        #endregion

        #region Static Properties

        #endregion

        #region Static Methods

        #endregion

        #region Accessors

        #endregion

        #region Properties

        #endregion
        
        #region Constructor
        public ExampleClass() : base() { }

        public ExampleClass(
            ICachedEntity entity
        ) : base(entity)
        {
        }

        public ExampleClass(
            string name, UsedClass usedClass = null
        ) : base()
        {
            var entity = EventHorizonBlazorInterop.New(
                new string[] { "Examples", "ExampleClass" },
                name, usedClass
            );
            ___guid = entity.___guid;
        }

        public ExampleClass(
            string name, UsedClass usedClass = null, ThirdLayerBaseClass parent = null, ExampleClass source = null, System.Nullable<bool> boolParam = null, System.Nullable<bool> boolParam2 = null
        ) : base()
        {
            var entity = EventHorizonBlazorInterop.New(
                new string[] { "Examples", "ExampleClass" },
                name, usedClass, parent, source, boolParam, boolParam2
            );
            ___guid = entity.___guid;
        }

        public ExampleClass(
            string name, bool isPure, UsedClass usedClass = null
        ) : base()
        {
            var entity = EventHorizonBlazorInterop.New(
                new string[] { "Examples", "ExampleClass" },
                name, usedClass, isPure
            );
            ___guid = entity.___guid;
        }
        #endregion

        #region Methods

        #endregion
    }
}